[autourdunmoment.com/index.html]
[autourdunmoment.com/wp-content/uploads/2020/02/Julie-jones_Fs_Favicon.png]
[backblue.gif]
[fade.gif]
[index.html]
[autourdunmoment.com/wp-content/uploads/hummingbird-assets/2cd1e220bada9cab69ef23c2f174e76f.css]
[autourdunmoment.com/wp-includes/css/dist/block-library/style.min.css]
[autourdunmoment.com/comments/feed/index.html]
[autourdunmoment.com/feed/index.html]
[autourdunmoment.com/wp-includes/css/classic-themes.min.css]
[autourdunmoment.com/wp-content/uploads/hummingbird-assets/e2bfe02732e15ea5c260560b080a53ee.css]
[autourdunmoment.com/wp-content/uploads/hummingbird-assets/91bfdae30113d137f665124f40a37245.css]
[autourdunmoment.com/wp-content/uploads/hummingbird-assets/a1f9567123df32ae0914c28d51de8202.css]
[autourdunmoment.com/wp-content/uploads/hummingbird-assets/64996eddf6f3654dd26c5250fd309b2b.css]
[autourdunmoment.com/wp-content/uploads/hummingbird-assets/26284203b87c9574135245b007f0eb81.css]
[autourdunmoment.com/wp-content/themes/photography/css/screen.css]
[autourdunmoment.com/cdn-cgi/scripts/7d0fa10a/cloudflare-static/rocket-loader.min.js]
[autourdunmoment.com/wp-content/uploads/hummingbird-assets/04028a311946258ed2139b79c3ad6cfc.css]
[autourdunmoment.com/wp-content/uploads/hummingbird-assets/ecead36e30e3f1ddc081bc04a404a478.css]
[autourdunmoment.com/wp-content/uploads/hummingbird-assets/66e6686c905a57355dd82b3b85aaa910.css]
[autourdunmoment.com/wp-json/wp/v2/pages/7629.json]
[autourdunmoment.com/xmlrpc0db0.php]
[autourdunmoment.com/wp-includes/wlwmanifest.xml]
[autourdunmoment.com/wp-json/index.html]
[autourdunmoment.com/wp-json/oembed/1.0/embed9de2.json]
[autourdunmoment.com/wp-json/oembed/1.0/embed2d6c]
[autourdunmoment.com/wp-content/themes/fonts/Papyrus-Regular.woff2]
[autourdunmoment.com/wp-content/themes/fonts/CaviarDreams.woff2]
[autourdunmoment.com/wp-content/themes/fonts/EssenceSans.woff2]
[autourdunmoment.com/wp-content/themes/photography/images/index.html]
[autourdunmoment.com/wp-content/uploads/2020/05/Signature_v1-1024x669.jpg]
[autourdunmoment.com/wp-content/themes/photography/images/logo@2x.png]
[autourdunmoment.com/rdv-photo-didentite/index.html]
[autourdunmoment.com/en-savoir-plus/index.html]
[autourdunmoment.com/wp-content/themes/photography/images/logo@2x_white.png]
[autourdunmoment.com/famille/index.html]
[autourdunmoment.com/naissance/index.html]
[autourdunmoment.com/mon-portfolio/index.html]
[autourdunmoment.com/tarif-famille/index.html]
[autourdunmoment.com/wp-content/plugins/revslider/public/assets/assets/dummy.png]
[autourdunmoment.com/tarif-portrait/index.html]
[autourdunmoment.com/wp-content/uploads/2020/05/Signature-principal-300x200.png]
[autourdunmoment.com/clients/choisir-ses-photos/index.html]
[autourdunmoment.com/wp-content/uploads/2021/03/MG_3392-20210308-153945-scaled-35x26.jpg]
[autourdunmoment.com/wp-content/uploads/2021/03/23722738_118280052282756_4152627213093338853_n_118280052282756-20210309-145121-35x26.jpg]
[autourdunmoment.com/wp-content/uploads/2021/03/Naissance-2-1-35x26.jpg]
[autourdunmoment.com/wp-content/uploads/2021/03/Bertrand-3-1-scaled-35x26.jpg]
[autourdunmoment.com/wp-content/uploads/2021/03/corpo-12-35x26.jpg]
[autourdunmoment.com/wp-content/uploads/2021/03/MG_7268-scaled-35x26.jpg]
[autourdunmoment.com/wp-content/uploads/2021/03/Edou-018-35x26.jpg]
[autourdunmoment.com/wp-content/uploads/2021/03/MG_7678-Modifier-35x26.jpg]
[autourdunmoment.com/wp-content/plugins/revslider/public/assets/fonts/revicons/revicons90c6.woff]
[autourdunmoment.com/wp-content/uploads/hummingbird-assets/4ac716bd808e951732d39c51927e05bc.css]
[autourdunmoment.com/wp-content/uploads/hummingbird-assets/a21da0f8f260a2c69d4ad07f12d95f33.js]
[autourdunmoment.com/wp-content/uploads/hummingbird-assets/3702d6ea0b78da409c256ccabce337b0.js]
[autourdunmoment.com/wp-content/plugins/revslider/public/assets/js/rbtools.min6adb.js]
[autourdunmoment.com/wp-content/uploads/hummingbird-assets/dccb27b912065784722f41f9265b73ef.js]
[autourdunmoment.com/index.html]
[autourdunmoment.com/xmlrpc.php]
[autourdunmoment.com/wp-content/uploads/hummingbird-assets/2cd1e220bada9cab69ef23c2f174e76f.css]
[autourdunmoment.com/wp-includes/css/dist/block-library/style.min.css]
[autourdunmoment.com/wp-includes/css/classic-themes.min.css]
